              [38;2;235;219;178m_..-------.._           [0m
          [38;2;235;219;178m_.-'    /   \    '-._       [0m
         [38;2;235;219;178m.'      /  |  \      '.      [0m
        [38;2;235;219;178m/      /    |    \      \     [0m
       [38;2;235;219;178m/     /  /\  |  /\  \     \    [0m
      [38;2;235;219;178m|    /  /   \ | /   \  \    |   [0m
      [38;2;235;219;178m|   / /      \|/      \ \   |   [0m
      [38;2;235;219;178m|  |/ _.--=.  V  .=--._ \|  |   [0m
      [38;2;235;219;178m|  | ' /[38;2;251;73;52m(@@)[38;2;235;219;178m\    /[38;2;251;73;52m(@@)[38;2;235;219;178m\ '|  |   [0m
      [38;2;235;219;178m|  |    `--'      `--'   |  |   [0m
      [38;2;235;219;178m|  |\        ,          /|  |   [0m
      [38;2;235;219;178m|  | \                 / |  |   [0m
      [38;2;235;219;178m|  |  \      ---      /  |  |   [0m
      [38;2;235;219;178m|  |   '.           .'   |  |   [0m
      [38;2;235;219;178m|  |     '-.     .-'     |  |   [0m
     [38;2;235;219;178m/   |        '-.-'        |   \  [0m
    [38;2;235;219;178m/    |        |   |        |    \ [0m
   [38;2;235;219;178m/_____|     ___|   |___     |_____\[0m
